Validator: bundle_key_error.yml does not have any bundles
