Validator: bundle configuration must have keys extension, path
